This file contains any messages produced by compilers while
running configure, to aid debugging if configure makes a mistake.

It was created by quiver configure 0.2.0, which was
generated by GNU Autoconf 2.71.  Invocation command line was

  $ ./configure --with-data-dir=/app/data

## --------- ##
## Platform. ##
## --------- ##

hostname = devbox
uname -m = x86_64
uname -r = 6.8.0
uname -s = Linux
uname -v = #1 SMP PREEMPT_DYNAMIC Wed Jan 14 23:11:35 UTC 2026

/usr/bin/uname -p = x86_64
/bin/uname -X     = unknown

/bin/arch              = x86_64
/usr/bin/arch -k       = unknown
/usr/convex/getsysinfo = unknown
/usr/bin/hostinfo      = unknown
/bin/machine           = unknown
/usr/bin/oslevel       = unknown
/bin/universe          = unknown

PATH: /home/jules/.nvm/versions/node/v22.22.0/bin/
PATH: /home/jules/.pyenv/shims/
PATH: /home/jules/.pyenv/bin/
PATH: /home/jules/.local/bin/
PATH: /opt/flutter/bin/
PATH: /usr/lib/dotnet/
PATH: /opt/android-sdk/cmdline-tools/latest/bin/
PATH: /opt/android-sdk/platform-tools/
PATH: /go/bin/
PATH: /usr/local/go/bin/
PATH: /usr/share/gradle/bin/
PATH: /usr/share/maven/bin/
PATH: /home/jules/.local/bin/
PATH: /home/jules/.cargo/bin/
PATH: /usr/local/bun/bin/
PATH: /usr/local/sbin/
PATH: /usr/local/bin/
PATH: /usr/sbin/
PATH: /usr/bin/
PATH: /sbin/
PATH: /bin/
PATH: /snap/bin/
PATH: /home/jules/.dotnet/tools/


## ----------- ##
## Core tests. ##
## ----------- ##

configure:2953: looking for aux files: compile config.guess config.sub ltmain.sh missing install-sh
configure:2966:  trying ./
configure:2995:   ./compile found
configure:2995:   ./config.guess found
configure:2995:   ./config.sub found
configure:2995:   ./ltmain.sh found
configure:2995:   ./missing found
configure:2977:   ./install-sh found
configure:3128: checking for a BSD-compatible install
configure:3201: result: /usr/bin/install -c
configure:3212: checking whether build environment is sane
configure:3267: result: yes
configure:3426: checking for a race-free mkdir -p
configure:3470: result: /usr/bin/mkdir -p
configure:3477: checking for gawk
configure:3498: found /usr/bin/gawk
configure:3509: result: gawk
configure:3520: checking whether make sets $(MAKE)
configure:3543: result: yes
configure:3573: checking whether make supports nested variables
configure:3591: result: yes
configure:3744: checking whether make supports the include directive
configure:3759: make -f confmf.GNU && cat confinc.out
this is the am__doit target
configure:3762: $? = 0
configure:3781: result: yes (GNU style)
configure:3867: checking for g++
configure:3888: found /usr/bin/g++
configure:3899: result: g++
configure:3926: checking for C++ compiler version
configure:3935: g++ --version >&5
g++ (Ubuntu 13.3.0-6ubuntu2~24.04) 13.3.0
Copyright (C) 2023 Free Software Foundation, Inc.
This is free software; see the source for copying conditions.  There is NO
warranty; not even for MERCHANTABILITY or FITNESS FOR A PARTICULAR PURPOSE.

configure:3946: $? = 0
configure:3935: g++ -v >&5
Using built-in specs.
COLLECT_GCC=g++
COLLECT_LTO_WRAPPER=/usr/libexec/gcc/x86_64-linux-gnu/13/lto-wrapper
OFFLOAD_TARGET_NAMES=nvptx-none:amdgcn-amdhsa
OFFLOAD_TARGET_DEFAULT=1
Target: x86_64-linux-gnu
Configured with: ../src/configure -v --with-pkgversion='Ubuntu 13.3.0-6ubuntu2~24.04' --with-bugurl=file:///usr/share/doc/gcc-13/README.Bugs --enable-languages=c,ada,c++,go,d,fortran,objc,obj-c++,m2 --prefix=/usr --with-gcc-major-version-only --program-suffix=-13 --program-prefix=x86_64-linux-gnu- --enable-shared --enable-linker-build-id --libexecdir=/usr/libexec --without-included-gettext --enable-threads=posix --libdir=/usr/lib --enable-nls --enable-bootstrap --enable-clocale=gnu --enable-libstdcxx-debug --enable-libstdcxx-time=yes --with-default-libstdcxx-abi=new --enable-libstdcxx-backtrace --enable-gnu-unique-object --disable-vtable-verify --enable-plugin --enable-default-pie --with-system-zlib --enable-libphobos-checking=release --with-target-system-zlib=auto --enable-objc-gc=auto --enable-multiarch --disable-werror --enable-cet --with-arch-32=i686 --with-abi=m64 --with-multilib-list=m32,m64,mx32 --enable-multilib --with-tune=generic --enable-offload-targets=nvptx-none=/build/gcc-13-fG75Ri/gcc-13-13.3.0/debian/tmp-nvptx/usr,amdgcn-amdhsa=/build/gcc-13-fG75Ri/gcc-13-13.3.0/debian/tmp-gcn/usr --enable-offload-defaulted --without-cuda-driver --enable-checking=release --build=x86_64-linux-gnu --host=x86_64-linux-gnu --target=x86_64-linux-gnu --with-build-config=bootstrap-lto-lean --enable-link-serialization=2
Thread model: posix
Supported LTO compression algorithms: zlib zstd
gcc version 13.3.0 (Ubuntu 13.3.0-6ubuntu2~24.04)
... rest of stderr output deleted ...
configure:3946: $? = 0
configure:3935: g++ -V >&5
g++: error: unrecognized command-line option '-V'
g++: fatal error: no input files
compilation terminated.
configure:3946: $? = 1
configure:3935: g++ -qversion >&5
g++: error: unrecognized command-line option '-qversion'; did you mean '--version'?
g++: fatal error: no input files
compilation terminated.
configure:3946: $? = 1
configure:3966: checking whether the C++ compiler works
configure:3988: g++    conftest.cpp  >&5
configure:3992: $? = 0
configure:4042: result: yes
configure:4045: checking for C++ compiler default output file name
configure:4047: result: a.out
configure:4053: checking for suffix of executables
configure:4060: g++ -o conftest    conftest.cpp  >&5
configure:4064: $? = 0
configure:4087: result:
configure:4109: checking whether we are cross compiling
configure:4117: g++ -o conftest    conftest.cpp  >&5
configure:4121: $? = 0
configure:4128: ./conftest
configure:4132: $? = 0
configure:4147: result: no
configure:4152: checking for suffix of object files
configure:4175: g++ -c   conftest.cpp >&5
configure:4179: $? = 0
configure:4201: result: o
configure:4205: checking whether the compiler supports GNU C++
configure:4225: g++ -c   conftest.cpp >&5
configure:4225: $? = 0
configure:4235: result: yes
configure:4246: checking whether g++ accepts -g
configure:4267: g++ -c -g  conftest.cpp >&5
configure:4267: $? = 0
configure:4311: result: yes
configure:4331: checking for g++ option to enable C++11 features
configure:4346: g++  -c -g -O2  conftest.cpp >&5
conftest.cpp: In function 'int main(int, char**)':
conftest.cpp:177:25: warning: empty parentheses were disambiguated as a function declaration [-Wvexing-parse]
  177 |   cxx11test::delegate d2();
      |                         ^~
conftest.cpp:177:25: note: remove parentheses to default-initialize a variable
  177 |   cxx11test::delegate d2();
      |                         ^~
      |                         --
conftest.cpp:177:25: note: or replace parentheses with braces to value-initialize a variable
configure:4346: $? = 0
configure:4364: result: none needed
configure:4430: checking dependency style of g++
configure:4542: result: gcc3
configure:4562: checking for stdio.h
configure:4562: g++ -c -g -O2  conftest.cpp >&5
configure:4562: $? = 0
configure:4562: result: yes
configure:4562: checking for stdlib.h
configure:4562: g++ -c -g -O2  conftest.cpp >&5
configure:4562: $? = 0
configure:4562: result: yes
configure:4562: checking for string.h
configure:4562: g++ -c -g -O2  conftest.cpp >&5
configure:4562: $? = 0
configure:4562: result: yes
configure:4562: checking for inttypes.h
configure:4562: g++ -c -g -O2  conftest.cpp >&5
configure:4562: $? = 0
configure:4562: result: yes
configure:4562: checking for stdint.h
configure:4562: g++ -c -g -O2  conftest.cpp >&5
configure:4562: $? = 0
configure:4562: result: yes
configure:4562: checking for strings.h
configure:4562: g++ -c -g -O2  conftest.cpp >&5
configure:4562: $? = 0
configure:4562: result: yes
configure:4562: checking for sys/stat.h
configure:4562: g++ -c -g -O2  conftest.cpp >&5
configure:4562: $? = 0
configure:4562: result: yes
configure:4562: checking for sys/types.h
configure:4562: g++ -c -g -O2  conftest.cpp >&5
configure:4562: $? = 0
configure:4562: result: yes
configure:4562: checking for unistd.h
configure:4562: g++ -c -g -O2  conftest.cpp >&5
configure:4562: $? = 0
configure:4562: result: yes
configure:4587: checking for ext/hash_map
configure:4587: g++ -c -g -O2  conftest.cpp >&5
In file included from /usr/include/c++/13/ext/hash_map:60,
                 from conftest.cpp:49:
/usr/include/c++/13/backward/backward_warning.h:32:2: warning: #warning This file includes at least one deprecated or antiquated header which may be removed without further notice at a future date. Please use a non-deprecated interface with equivalent functionality instead. For a listing of replacement headers and interfaces, consult the file backward_warning.h. To disable this warning use -Wno-deprecated. [-Wcpp]
   32 | #warning \
      |  ^~~~~~~
configure:4587: $? = 0
configure:4587: result: yes
configure:4595: checking for tr1/unordered_map
configure:4595: g++ -c -g -O2  conftest.cpp >&5
configure:4595: $? = 0
configure:4595: result: yes
configure:4603: checking for unordered_map
configure:4603: g++ -c -g -O2  conftest.cpp >&5
configure:4603: $? = 0
configure:4603: result: yes
configure:4652: checking build system type
configure:4667: result: x86_64-pc-linux-gnu
configure:4687: checking host system type
configure:4701: result: x86_64-pc-linux-gnu
configure:4742: checking how to print strings
configure:4769: result: printf
configure:4852: checking for gcc
configure:4873: found /usr/bin/gcc
configure:4884: result: gcc
configure:5237: checking for C compiler version
configure:5246: gcc --version >&5
gcc (Ubuntu 13.3.0-6ubuntu2~24.04) 13.3.0
Copyright (C) 2023 Free Software Foundation, Inc.
This is free software; see the source for copying conditions.  There is NO
warranty; not even for MERCHANTABILITY or FITNESS FOR A PARTICULAR PURPOSE.

configure:5257: $? = 0
configure:5246: gcc -v >&5
Using built-in specs.
COLLECT_GCC=gcc
COLLECT_LTO_WRAPPER=/usr/libexec/gcc/x86_64-linux-gnu/13/lto-wrapper
OFFLOAD_TARGET_NAMES=nvptx-none:amdgcn-amdhsa
OFFLOAD_TARGET_DEFAULT=1
Target: x86_64-linux-gnu
Configured with: ../src/configure -v --with-pkgversion='Ubuntu 13.3.0-6ubuntu2~24.04' --with-bugurl=file:///usr/share/doc/gcc-13/README.Bugs --enable-languages=c,ada,c++,go,d,fortran,objc,obj-c++,m2 --prefix=/usr --with-gcc-major-version-only --program-suffix=-13 --program-prefix=x86_64-linux-gnu- --enable-shared --enable-linker-build-id --libexecdir=/usr/libexec --without-included-gettext --enable-threads=posix --libdir=/usr/lib --enable-nls --enable-bootstrap --enable-clocale=gnu --enable-libstdcxx-debug --enable-libstdcxx-time=yes --with-default-libstdcxx-abi=new --enable-libstdcxx-backtrace --enable-gnu-unique-object --disable-vtable-verify --enable-plugin --enable-default-pie --with-system-zlib --enable-libphobos-checking=release --with-target-system-zlib=auto --enable-objc-gc=auto --enable-multiarch --disable-werror --enable-cet --with-arch-32=i686 --with-abi=m64 --with-multilib-list=m32,m64,mx32 --enable-multilib --with-tune=generic --enable-offload-targets=nvptx-none=/build/gcc-13-fG75Ri/gcc-13-13.3.0/debian/tmp-nvptx/usr,amdgcn-amdhsa=/build/gcc-13-fG75Ri/gcc-13-13.3.0/debian/tmp-gcn/usr --enable-offload-defaulted --without-cuda-driver --enable-checking=release --build=x86_64-linux-gnu --host=x86_64-linux-gnu --target=x86_64-linux-gnu --with-build-config=bootstrap-lto-lean --enable-link-serialization=2
Thread model: posix
Supported LTO compression algorithms: zlib zstd
gcc version 13.3.0 (Ubuntu 13.3.0-6ubuntu2~24.04)
... rest of stderr output deleted ...
configure:5257: $? = 0
configure:5246: gcc -V >&5
gcc: error: unrecognized command-line option '-V'
gcc: fatal error: no input files
compilation terminated.
configure:5257: $? = 1
configure:5246: gcc -qversion >&5
gcc: error: unrecognized command-line option '-qversion'; did you mean '--version'?
gcc: fatal error: no input files
compilation terminated.
configure:5257: $? = 1
configure:5246: gcc -version >&5
gcc: error: unrecognized command-line option '-version'
gcc: fatal error: no input files
compilation terminated.
configure:5257: $? = 1
configure:5261: checking whether the compiler supports GNU C
configure:5281: gcc -c   conftest.c >&5
configure:5281: $? = 0
configure:5291: result: yes
configure:5302: checking whether gcc accepts -g
configure:5323: gcc -c -g  conftest.c >&5
configure:5323: $? = 0
configure:5367: result: yes
configure:5387: checking for gcc option to enable C11 features
configure:5402: gcc  -c -g -O2  conftest.c >&5
configure:5402: $? = 0
configure:5420: result: none needed
configure:5536: checking whether gcc understands -c and -o together
configure:5559: gcc -c conftest.c -o conftest2.o
configure:5562: $? = 0
configure:5559: gcc -c conftest.c -o conftest2.o
configure:5562: $? = 0
configure:5574: result: yes
configure:5593: checking dependency style of gcc
configure:5705: result: gcc3
configure:5720: checking for a sed that does not truncate output
configure:5790: result: /usr/bin/sed
configure:5808: checking for grep that handles long lines and -e
configure:5872: result: /usr/bin/grep
configure:5877: checking for egrep
configure:5945: result: /usr/bin/grep -E
configure:5950: checking for fgrep
configure:6018: result: /usr/bin/grep -F
configure:6054: checking for ld used by gcc
configure:6122: result: /usr/bin/ld
configure:6129: checking if the linker (/usr/bin/ld) is GNU ld
configure:6145: result: yes
configure:6157: checking for BSD- or MS-compatible name lister (nm)
configure:6212: result: /usr/bin/nm -B
configure:6352: checking the name lister (/usr/bin/nm -B) interface
configure:6360: gcc -c -g -O2  conftest.c >&5
configure:6363: /usr/bin/nm -B "conftest.o"
configure:6366: output
0000000000000000 B some_variable
configure:6373: result: BSD nm
configure:6376: checking whether ln -s works
configure:6380: result: yes
configure:6388: checking the maximum length of command line arguments
configure:6520: result: 1572864
configure:6568: checking how to convert x86_64-pc-linux-gnu file names to x86_64-pc-linux-gnu format
configure:6609: result: func_convert_file_noop
configure:6616: checking how to convert x86_64-pc-linux-gnu file names to toolchain format
configure:6637: result: func_convert_file_noop
configure:6644: checking for /usr/bin/ld option to reload object files
configure:6652: result: -r
configure:6731: checking for file
configure:6752: found /usr/bin/file
configure:6763: result: file
configure:6839: checking for objdump
configure:6860: found /usr/bin/objdump
configure:6871: result: objdump
configure:6903: checking how to recognize dependent libraries
configure:7104: result: pass_all
configure:7194: checking for dlltool
configure:7229: result: no
configure:7259: checking how to associate runtime and link libraries
configure:7287: result: printf %s\n
configure:7353: checking for ar
configure:7374: found /usr/bin/ar
configure:7385: result: ar
configure:7438: checking for archiver @FILE support
configure:7456: gcc -c -g -O2  conftest.c >&5
configure:7456: $? = 0
configure:7460: ar cr libconftest.a @conftest.lst >&5
configure:7463: $? = 0
configure:7468: ar cr libconftest.a @conftest.lst >&5
ar: conftest.o: No such file or directory
configure:7471: $? = 1
configure:7483: result: @
configure:7546: checking for strip
configure:7567: found /usr/bin/strip
configure:7578: result: strip
configure:7655: checking for ranlib
configure:7676: found /usr/bin/ranlib
configure:7687: result: ranlib
configure:7789: checking command to parse /usr/bin/nm -B output from gcc object
configure:7943: gcc -c -g -O2  conftest.c >&5
configure:7946: $? = 0
configure:7950: /usr/bin/nm -B conftest.o | /usr/bin/sed -n -e 's/^.*[	 ]\([ABCDGIRSTW][ABCDGIRSTW]*\)[	 ][	 ]*\([_A-Za-z][_A-Za-z0-9]*\)$/\1 \2 \2/p' | /usr/bin/sed '/ __gnu_lto/d' > conftest.nm
configure:8016: gcc -o conftest -g -O2   conftest.c conftstm.o >&5
configure:8019: $? = 0
configure:8057: result: ok
configure:8104: checking for sysroot
configure:8135: result: no
configure:8142: checking for a working dd
configure:8186: result: /usr/bin/dd
configure:8190: checking how to truncate binary pipes
configure:8206: result: /usr/bin/dd bs=4096 count=1
configure:8343: gcc -c -g -O2  conftest.c >&5
configure:8346: $? = 0
configure:8543: checking for mt
configure:8578: result: no
configure:8598: checking if : is a manifest tool
configure:8605: : '-?'
configure:8613: result: no
configure:9334: checking for dlfcn.h
configure:9334: gcc -c -g -O2  conftest.c >&5
configure:9334: $? = 0
configure:9334: result: yes
configure:9603: checking for objdir
configure:9619: result: .libs
configure:9883: checking if gcc supports -fno-rtti -fno-exceptions
configure:9902: gcc -c -g -O2  -fno-rtti -fno-exceptions conftest.c >&5
cc1: warning: command-line option '-fno-rtti' is valid for C++/D/ObjC++ but not for C
configure:9906: $? = 0
configure:9919: result: no
configure:10283: checking for gcc option to produce PIC
configure:10291: result: -fPIC -DPIC
configure:10299: checking if gcc PIC flag -fPIC -DPIC works
configure:10318: gcc -c -g -O2  -fPIC -DPIC -DPIC conftest.c >&5
configure:10322: $? = 0
configure:10335: result: yes
configure:10364: checking if gcc static flag -static works
configure:10393: result: yes
configure:10408: checking if gcc supports -c -o file.o
configure:10430: gcc -c -g -O2  -o out/conftest2.o conftest.c >&5
configure:10434: $? = 0
configure:10456: result: yes
configure:10464: checking if gcc supports -c -o file.o
configure:10512: result: yes
configure:10545: checking whether the gcc linker (/usr/bin/ld -m elf_x86_64) supports shared libraries
configure:11819: result: yes
configure:11856: checking whether -lc should be explicitly linked in
configure:11865: gcc -c -g -O2  conftest.c >&5
configure:11868: $? = 0
configure:11883: gcc -shared  -fPIC -DPIC conftest.o  -v -Wl,-soname -Wl,conftest -o conftest 2\>\&1 \| /usr/bin/grep  -lc  \>/dev/null 2\>\&1
configure:11886: $? = 0
configure:11900: result: no
configure:12060: checking dynamic linker characteristics
configure:12642: gcc -o conftest -g -O2   -Wl,-rpath -Wl,/foo conftest.c  >&5
configure:12642: $? = 0
configure:12893: result: GNU/Linux ld.so
configure:13015: checking how to hardcode library paths into programs
configure:13040: result: immediate
configure:13592: checking whether stripping libraries is possible
configure:13601: result: yes
configure:13643: checking if libtool supports shared libraries
configure:13645: result: yes
configure:13648: checking whether to build shared libraries
configure:13673: result: yes
configure:13676: checking whether to build static libraries
configure:13680: result: yes
configure:13703: checking how to run the C++ preprocessor
configure:13725: g++ -E  conftest.cpp
configure:13725: $? = 0
configure:13740: g++ -E  conftest.cpp
conftest.cpp:26:10: fatal error: ac_nonexistent.h: No such file or directory
   26 | #include <ac_nonexistent.h>
      |          ^~~~~~~~~~~~~~~~~~
compilation terminated.
configure:13740: $? = 1
configure: failed program was:
| /* confdefs.h */
| #define PACKAGE_NAME "quiver"
| #define PACKAGE_TARNAME "quiver"
| #define PACKAGE_VERSION "0.2.0"
| #define PACKAGE_STRING "quiver 0.2.0"
| #define PACKAGE_BUGREPORT "http://mike.yi.org/quiver"
| #define PACKAGE_URL ""
| #define PACKAGE "quiver"
| #define VERSION "0.2.0"
| #define HAVE_STDIO_H 1
| #define HAVE_STDLIB_H 1
| #define HAVE_STRING_H 1
| #define HAVE_INTTYPES_H 1
| #define HAVE_STDINT_H 1
| #define HAVE_STRINGS_H 1
| #define HAVE_SYS_STAT_H 1
| #define HAVE_SYS_TYPES_H 1
| #define HAVE_UNISTD_H 1
| #define STDC_HEADERS 1
| #define HAVE_EXT /**/
| #define HAVE_TR1 /**/
| #define HAVE_CXX0X /**/
| #define HAVE_DLFCN_H 1
| #define LT_OBJDIR ".libs/"
| /* end confdefs.h.  */
| #include <ac_nonexistent.h>
configure:13767: result: g++ -E
configure:13781: g++ -E  conftest.cpp
configure:13781: $? = 0
configure:13796: g++ -E  conftest.cpp
conftest.cpp:26:10: fatal error: ac_nonexistent.h: No such file or directory
   26 | #include <ac_nonexistent.h>
      |          ^~~~~~~~~~~~~~~~~~
compilation terminated.
configure:13796: $? = 1
configure: failed program was:
| /* confdefs.h */
| #define PACKAGE_NAME "quiver"
| #define PACKAGE_TARNAME "quiver"
| #define PACKAGE_VERSION "0.2.0"
| #define PACKAGE_STRING "quiver 0.2.0"
| #define PACKAGE_BUGREPORT "http://mike.yi.org/quiver"
| #define PACKAGE_URL ""
| #define PACKAGE "quiver"
| #define VERSION "0.2.0"
| #define HAVE_STDIO_H 1
| #define HAVE_STDLIB_H 1
| #define HAVE_STRING_H 1
| #define HAVE_INTTYPES_H 1
| #define HAVE_STDINT_H 1
| #define HAVE_STRINGS_H 1
| #define HAVE_SYS_STAT_H 1
| #define HAVE_SYS_TYPES_H 1
| #define HAVE_UNISTD_H 1
| #define STDC_HEADERS 1
| #define HAVE_EXT /**/
| #define HAVE_TR1 /**/
| #define HAVE_CXX0X /**/
| #define HAVE_DLFCN_H 1
| #define LT_OBJDIR ".libs/"
| /* end confdefs.h.  */
| #include <ac_nonexistent.h>
configure:13961: checking for ld used by g++
configure:14029: result: /usr/bin/ld -m elf_x86_64
configure:14036: checking if the linker (/usr/bin/ld -m elf_x86_64) is GNU ld
configure:14052: result: yes
configure:14107: checking whether the g++ linker (/usr/bin/ld -m elf_x86_64) supports shared libraries
configure:15185: result: yes
configure:15221: g++ -c -g -O2  conftest.cpp >&5
configure:15224: $? = 0
configure:15705: checking for g++ option to produce PIC
configure:15713: result: -fPIC -DPIC
configure:15721: checking if g++ PIC flag -fPIC -DPIC works
configure:15740: g++ -c -g -O2  -fPIC -DPIC -DPIC conftest.cpp >&5
configure:15744: $? = 0
configure:15757: result: yes
configure:15780: checking if g++ static flag -static works
configure:15809: result: yes
configure:15821: checking if g++ supports -c -o file.o
configure:15843: g++ -c -g -O2  -o out/conftest2.o conftest.cpp >&5
configure:15847: $? = 0
configure:15869: result: yes
configure:15874: checking if g++ supports -c -o file.o
configure:15922: result: yes
configure:15952: checking whether the g++ linker (/usr/bin/ld -m elf_x86_64) supports shared libraries
configure:15995: result: yes
configure:16137: checking dynamic linker characteristics
configure:16897: result: GNU/Linux ld.so
configure:16962: checking how to hardcode library paths into programs
configure:16987: result: immediate
configure:17051: checking for library containing strerror
configure:17081: gcc -o conftest -g -O2   conftest.c  >&5
configure:17081: $? = 0
configure:17101: result: none required
configure:17113: checking for egrep
configure:17181: result: /usr/bin/grep -E
configure:17188: checking for gettimeofday
configure:17188: gcc -o conftest -g -O2   conftest.c  >&5
configure:17188: $? = 0
configure:17188: result: yes
configure:17195: checking for sys/time.h
configure:17195: gcc -c -g -O2  conftest.c >&5
configure:17195: $? = 0
configure:17195: result: yes
configure:17203: checking for jpeglib.h
configure:17203: gcc -c -g -O2  conftest.c >&5
configure:17203: $? = 0
configure:17203: result: yes
configure:17211: checking for pthread.h
configure:17211: gcc -c -g -O2  conftest.c >&5
configure:17211: $? = 0
configure:17211: result: yes
configure:17220: checking for an ANSI C-conforming const
configure:17287: gcc -c -g -O2  conftest.c >&5
configure:17287: $? = 0
configure:17295: result: yes
configure:17303: checking for _Bool
configure:17303: gcc -c -g -O2  conftest.c >&5
configure:17303: $? = 0
configure:17303: gcc -c -g -O2  conftest.c >&5
conftest.c: In function 'main':
conftest.c:59:20: error: expected expression before ')' token
   59 | if (sizeof ((_Bool)))
      |                    ^
configure:17303: $? = 1
configure: failed program was:
| /* confdefs.h */
| #define PACKAGE_NAME "quiver"
| #define PACKAGE_TARNAME "quiver"
| #define PACKAGE_VERSION "0.2.0"
| #define PACKAGE_STRING "quiver 0.2.0"
| #define PACKAGE_BUGREPORT "http://mike.yi.org/quiver"
| #define PACKAGE_URL ""
| #define PACKAGE "quiver"
| #define VERSION "0.2.0"
| #define HAVE_STDIO_H 1
| #define HAVE_STDLIB_H 1
| #define HAVE_STRING_H 1
| #define HAVE_INTTYPES_H 1
| #define HAVE_STDINT_H 1
| #define HAVE_STRINGS_H 1
| #define HAVE_SYS_STAT_H 1
| #define HAVE_SYS_TYPES_H 1
| #define HAVE_UNISTD_H 1
| #define STDC_HEADERS 1
| #define HAVE_EXT /**/
| #define HAVE_TR1 /**/
| #define HAVE_CXX0X /**/
| #define HAVE_DLFCN_H 1
| #define LT_OBJDIR ".libs/"
| #define HAVE_GETTIMEOFDAY 1
| #define HAVE_SYS_TIME_H 1
| /* end confdefs.h.  */
| #include <stddef.h>
| #ifdef HAVE_STDIO_H
| # include <stdio.h>
| #endif
| #ifdef HAVE_STDLIB_H
| # include <stdlib.h>
| #endif
| #ifdef HAVE_STRING_H
| # include <string.h>
| #endif
| #ifdef HAVE_INTTYPES_H
| # include <inttypes.h>
| #endif
| #ifdef HAVE_STDINT_H
| # include <stdint.h>
| #endif
| #ifdef HAVE_STRINGS_H
| # include <strings.h>
| #endif
| #ifdef HAVE_SYS_TYPES_H
| # include <sys/types.h>
| #endif
| #ifdef HAVE_SYS_STAT_H
| # include <sys/stat.h>
| #endif
| #ifdef HAVE_UNISTD_H
| # include <unistd.h>
| #endif
| int
| main (void)
| {
| if (sizeof ((_Bool)))
| 	    return 0;
|   ;
|   return 0;
| }
configure:17303: result: yes
configure:17312: checking for stdbool.h that conforms to C99
configure:17428: gcc -c -g -O2  conftest.c >&5
configure:17428: $? = 0
configure:17436: result: yes
configure:17449: checking for sys/time.h
configure:17449: result: yes
configure:17475: checking how to run the C preprocessor
configure:17501: gcc -E  conftest.c
configure:17501: $? = 0
configure:17516: gcc -E  conftest.c
conftest.c:32:10: fatal error: ac_nonexistent.h: No such file or directory
   32 | #include <ac_nonexistent.h>
      |          ^~~~~~~~~~~~~~~~~~
compilation terminated.
configure:17516: $? = 1
configure: failed program was:
| /* confdefs.h */
| #define PACKAGE_NAME "quiver"
| #define PACKAGE_TARNAME "quiver"
| #define PACKAGE_VERSION "0.2.0"
| #define PACKAGE_STRING "quiver 0.2.0"
| #define PACKAGE_BUGREPORT "http://mike.yi.org/quiver"
| #define PACKAGE_URL ""
| #define PACKAGE "quiver"
| #define VERSION "0.2.0"
| #define HAVE_STDIO_H 1
| #define HAVE_STDLIB_H 1
| #define HAVE_STRING_H 1
| #define HAVE_INTTYPES_H 1
| #define HAVE_STDINT_H 1
| #define HAVE_STRINGS_H 1
| #define HAVE_SYS_STAT_H 1
| #define HAVE_SYS_TYPES_H 1
| #define HAVE_UNISTD_H 1
| #define STDC_HEADERS 1
| #define HAVE_EXT /**/
| #define HAVE_TR1 /**/
| #define HAVE_CXX0X /**/
| #define HAVE_DLFCN_H 1
| #define LT_OBJDIR ".libs/"
| #define HAVE_GETTIMEOFDAY 1
| #define HAVE_SYS_TIME_H 1
| #define HAVE__BOOL 1
| #define HAVE_STDBOOL_H 1
| #define HAVE_SYS_TIME_H 1
| #define TIME_WITH_SYS_TIME 1
| /* end confdefs.h.  */
| #include <ac_nonexistent.h>
configure:17543: result: gcc -E
configure:17557: gcc -E  conftest.c
configure:17557: $? = 0
configure:17572: gcc -E  conftest.c
conftest.c:32:10: fatal error: ac_nonexistent.h: No such file or directory
   32 | #include <ac_nonexistent.h>
      |          ^~~~~~~~~~~~~~~~~~
compilation terminated.
configure:17572: $? = 1
configure: failed program was:
| /* confdefs.h */
| #define PACKAGE_NAME "quiver"
| #define PACKAGE_TARNAME "quiver"
| #define PACKAGE_VERSION "0.2.0"
| #define PACKAGE_STRING "quiver 0.2.0"
| #define PACKAGE_BUGREPORT "http://mike.yi.org/quiver"
| #define PACKAGE_URL ""
| #define PACKAGE "quiver"
| #define VERSION "0.2.0"
| #define HAVE_STDIO_H 1
| #define HAVE_STDLIB_H 1
| #define HAVE_STRING_H 1
| #define HAVE_INTTYPES_H 1
| #define HAVE_STDINT_H 1
| #define HAVE_STRINGS_H 1
| #define HAVE_SYS_STAT_H 1
| #define HAVE_SYS_TYPES_H 1
| #define HAVE_UNISTD_H 1
| #define STDC_HEADERS 1
| #define HAVE_EXT /**/
| #define HAVE_TR1 /**/
| #define HAVE_CXX0X /**/
| #define HAVE_DLFCN_H 1
| #define LT_OBJDIR ".libs/"
| #define HAVE_GETTIMEOFDAY 1
| #define HAVE_SYS_TIME_H 1
| #define HAVE__BOOL 1
| #define HAVE_STDBOOL_H 1
| #define HAVE_SYS_TIME_H 1
| #define TIME_WITH_SYS_TIME 1
| /* end confdefs.h.  */
| #include <ac_nonexistent.h>
configure:17724: checking for C++ compiler version
configure:17733: g++ --version >&5
g++ (Ubuntu 13.3.0-6ubuntu2~24.04) 13.3.0
Copyright (C) 2023 Free Software Foundation, Inc.
This is free software; see the source for copying conditions.  There is NO
warranty; not even for MERCHANTABILITY or FITNESS FOR A PARTICULAR PURPOSE.

configure:17744: $? = 0
configure:17733: g++ -v >&5
Using built-in specs.
COLLECT_GCC=g++
COLLECT_LTO_WRAPPER=/usr/libexec/gcc/x86_64-linux-gnu/13/lto-wrapper
OFFLOAD_TARGET_NAMES=nvptx-none:amdgcn-amdhsa
OFFLOAD_TARGET_DEFAULT=1
Target: x86_64-linux-gnu
Configured with: ../src/configure -v --with-pkgversion='Ubuntu 13.3.0-6ubuntu2~24.04' --with-bugurl=file:///usr/share/doc/gcc-13/README.Bugs --enable-languages=c,ada,c++,go,d,fortran,objc,obj-c++,m2 --prefix=/usr --with-gcc-major-version-only --program-suffix=-13 --program-prefix=x86_64-linux-gnu- --enable-shared --enable-linker-build-id --libexecdir=/usr/libexec --without-included-gettext --enable-threads=posix --libdir=/usr/lib --enable-nls --enable-bootstrap --enable-clocale=gnu --enable-libstdcxx-debug --enable-libstdcxx-time=yes --with-default-libstdcxx-abi=new --enable-libstdcxx-backtrace --enable-gnu-unique-object --disable-vtable-verify --enable-plugin --enable-default-pie --with-system-zlib --enable-libphobos-checking=release --with-target-system-zlib=auto --enable-objc-gc=auto --enable-multiarch --disable-werror --enable-cet --with-arch-32=i686 --with-abi=m64 --with-multilib-list=m32,m64,mx32 --enable-multilib --with-tune=generic --enable-offload-targets=nvptx-none=/build/gcc-13-fG75Ri/gcc-13-13.3.0/debian/tmp-nvptx/usr,amdgcn-amdhsa=/build/gcc-13-fG75Ri/gcc-13-13.3.0/debian/tmp-gcn/usr --enable-offload-defaulted --without-cuda-driver --enable-checking=release --build=x86_64-linux-gnu --host=x86_64-linux-gnu --target=x86_64-linux-gnu --with-build-config=bootstrap-lto-lean --enable-link-serialization=2
Thread model: posix
Supported LTO compression algorithms: zlib zstd
gcc version 13.3.0 (Ubuntu 13.3.0-6ubuntu2~24.04)
... rest of stderr output deleted ...
configure:17744: $? = 0
configure:17733: g++ -V >&5
g++: error: unrecognized command-line option '-V'
g++: fatal error: no input files
compilation terminated.
configure:17744: $? = 1
configure:17733: g++ -qversion >&5
g++: error: unrecognized command-line option '-qversion'; did you mean '--version'?
g++: fatal error: no input files
compilation terminated.
configure:17744: $? = 1
configure:17748: checking whether the compiler supports GNU C++
configure:17778: result: yes
configure:17789: checking whether g++ accepts -g
configure:17854: result: yes
configure:17874: checking for g++ option to enable C++11 features
configure:17907: result: none needed
configure:17973: checking dependency style of g++
configure:18085: result: gcc3
configure:18103: checking for glib-genmarshal
configure:18126: found /usr/bin/glib-genmarshal
configure:18138: result: /usr/bin/glib-genmarshal
configure:18148: checking for gdk-pixbuf-csource
configure:18171: found /usr/bin/gdk-pixbuf-csource
configure:18183: result: /usr/bin/gdk-pixbuf-csource
configure:18200: checking for locale.h
configure:18200: gcc -c -g -O2  conftest.c >&5
configure:18200: $? = 0
configure:18200: result: yes
configure:18208: checking for LC_MESSAGES
configure:18225: gcc -o conftest -g -O2   conftest.c  >&5
configure:18225: $? = 0
configure:18234: result: yes
configure:18252: checking for CFPreferencesCopyAppValue
configure:18271: gcc -o conftest -g -O2   conftest.c  -Wl,-framework -Wl,CoreFoundation >&5
conftest.c:35:10: fatal error: CoreFoundation/CFPreferences.h: No such file or directory
   35 | #include <CoreFoundation/CFPreferences.h>
      |          ^~~~~~~~~~~~~~~~~~~~~~~~~~~~~~~~
compilation terminated.
configure:18271: $? = 1
configure: failed program was:
| /* confdefs.h */
| #define PACKAGE_NAME "quiver"
| #define PACKAGE_TARNAME "quiver"
| #define PACKAGE_VERSION "0.2.0"
| #define PACKAGE_STRING "quiver 0.2.0"
| #define PACKAGE_BUGREPORT "http://mike.yi.org/quiver"
| #define PACKAGE_URL ""
| #define PACKAGE "quiver"
| #define VERSION "0.2.0"
| #define HAVE_STDIO_H 1
| #define HAVE_STDLIB_H 1
| #define HAVE_STRING_H 1
| #define HAVE_INTTYPES_H 1
| #define HAVE_STDINT_H 1
| #define HAVE_STRINGS_H 1
| #define HAVE_SYS_STAT_H 1
| #define HAVE_SYS_TYPES_H 1
| #define HAVE_UNISTD_H 1
| #define STDC_HEADERS 1
| #define HAVE_EXT /**/
| #define HAVE_TR1 /**/
| #define HAVE_CXX0X /**/
| #define HAVE_DLFCN_H 1
| #define LT_OBJDIR ".libs/"
| #define HAVE_GETTIMEOFDAY 1
| #define HAVE_SYS_TIME_H 1
| #define HAVE__BOOL 1
| #define HAVE_STDBOOL_H 1
| #define HAVE_SYS_TIME_H 1
| #define TIME_WITH_SYS_TIME 1
| #define GETTEXT_PACKAGE "quiver"
| #define HAVE_LOCALE_H 1
| #define HAVE_LC_MESSAGES 1
| /* end confdefs.h.  */
| #include <CoreFoundation/CFPreferences.h>
| int
| main (void)
| {
| CFPreferencesCopyAppValue(NULL, NULL)
|   ;
|   return 0;
| }
configure:18281: result: no
configure:18288: checking for CFLocaleCopyCurrent
configure:18307: gcc -o conftest -g -O2   conftest.c  -Wl,-framework -Wl,CoreFoundation >&5
conftest.c:35:10: fatal error: CoreFoundation/CFLocale.h: No such file or directory
   35 | #include <CoreFoundation/CFLocale.h>
      |          ^~~~~~~~~~~~~~~~~~~~~~~~~~~
compilation terminated.
configure:18307: $? = 1
configure: failed program was:
| /* confdefs.h */
| #define PACKAGE_NAME "quiver"
| #define PACKAGE_TARNAME "quiver"
| #define PACKAGE_VERSION "0.2.0"
| #define PACKAGE_STRING "quiver 0.2.0"
| #define PACKAGE_BUGREPORT "http://mike.yi.org/quiver"
| #define PACKAGE_URL ""
| #define PACKAGE "quiver"
| #define VERSION "0.2.0"
| #define HAVE_STDIO_H 1
| #define HAVE_STDLIB_H 1
| #define HAVE_STRING_H 1
| #define HAVE_INTTYPES_H 1
| #define HAVE_STDINT_H 1
| #define HAVE_STRINGS_H 1
| #define HAVE_SYS_STAT_H 1
| #define HAVE_SYS_TYPES_H 1
| #define HAVE_UNISTD_H 1
| #define STDC_HEADERS 1
| #define HAVE_EXT /**/
| #define HAVE_TR1 /**/
| #define HAVE_CXX0X /**/
| #define HAVE_DLFCN_H 1
| #define LT_OBJDIR ".libs/"
| #define HAVE_GETTIMEOFDAY 1
| #define HAVE_SYS_TIME_H 1
| #define HAVE__BOOL 1
| #define HAVE_STDBOOL_H 1
| #define HAVE_SYS_TIME_H 1
| #define TIME_WITH_SYS_TIME 1
| #define GETTEXT_PACKAGE "quiver"
| #define HAVE_LOCALE_H 1
| #define HAVE_LC_MESSAGES 1
| /* end confdefs.h.  */
| #include <CoreFoundation/CFLocale.h>
| int
| main (void)
| {
| CFLocaleCopyCurrent();
|   ;
|   return 0;
| }
configure:18317: result: no
configure:18331: checking for libintl.h
configure:18331: gcc -c -g -O2  conftest.c >&5
configure:18331: $? = 0
configure:18331: result: yes
configure:18340: checking for ngettext in libc
configure:18359: gcc -o conftest -g -O2   conftest.c  >&5
configure:18359: $? = 0
configure:18369: result: yes
configure:18373: checking for dgettext in libc
configure:18392: gcc -o conftest -g -O2   conftest.c  >&5
configure:18392: $? = 0
configure:18402: result: yes
configure:18407: checking for bind_textdomain_codeset
configure:18407: gcc -o conftest -g -O2   conftest.c  >&5
configure:18407: $? = 0
configure:18407: result: yes
configure:18677: checking for msgfmt
configure:18705: result: /usr/bin/msgfmt
configure:18714: checking for dcgettext
configure:18714: gcc -o conftest -g -O2   conftest.c   >&5
conftest.c:53:6: warning: conflicting types for built-in function 'dcgettext'; expected 'char *(const char *, const char *, int)' [-Wbuiltin-declaration-mismatch]
   53 | char dcgettext ();
      |      ^~~~~~~~~
configure:18714: $? = 0
configure:18714: result: yes
configure:18722: checking if msgfmt accepts -c
configure:18737: $MSGFMT -c -o /dev/null conftest.foo
conftest.foo:3: warning: header field 'Language' missing in header
configure:18740: $? = 0
configure:18742: result: yes
configure:18752: checking for gmsgfmt
configure:18788: result: /usr/bin/msgfmt
configure:18798: checking for xgettext
configure:18826: result: /usr/bin/xgettext
configure:18845: gcc -o conftest -g -O2   conftest.c   >&5
configure:18845: $? = 0
configure:18928: checking for catalogs to be installed
configure:18953: result:  fr
configure:18987: checking whether NLS is requested
configure:18997: result: yes
configure:19015: checking for intltool >= 0.21
configure:19017: result: 0.51.0 found
configure:19025: checking for intltool-update
configure:19048: found /usr/bin/intltool-update
configure:19060: result: /usr/bin/intltool-update
configure:19070: checking for intltool-merge
configure:19093: found /usr/bin/intltool-merge
configure:19105: result: /usr/bin/intltool-merge
configure:19115: checking for intltool-extract
configure:19138: found /usr/bin/intltool-extract
configure:19150: result: /usr/bin/intltool-extract
configure:19304: checking for xgettext
configure:19339: result: /usr/bin/xgettext
configure:19349: checking for msgmerge
configure:19372: found /usr/bin/msgmerge
configure:19384: result: /usr/bin/msgmerge
configure:19394: checking for msgfmt
configure:19429: result: /usr/bin/msgfmt
configure:19439: checking for gmsgfmt
configure:19475: result: /usr/bin/msgfmt
configure:19495: checking for perl
configure:19518: found /usr/bin/perl
configure:19530: result: /usr/bin/perl
configure:19541: checking for perl >= 5.8.1
configure:19548: result: 5.38.2
configure:19552: checking for XML::Parser
configure:19555: result: ok
configure:19630: checking for pkg-config
configure:19653: found /usr/bin/pkg-config
configure:19665: result: /usr/bin/pkg-config
configure:19690: checking pkg-config is at least version 0.9.0
configure:19693: result: yes
configure:19703: checking for libexif
configure:19710: $PKG_CONFIG --exists --print-errors "libexif"
configure:19713: $? = 0
configure:19727: $PKG_CONFIG --exists --print-errors "libexif"
configure:19730: $? = 0
configure:19768: result: yes
configure:19774: checking for sqlite3
configure:19781: $PKG_CONFIG --exists --print-errors "sqlite3"
configure:19784: $? = 0
configure:19798: $PKG_CONFIG --exists --print-errors "sqlite3"
configure:19801: $? = 0
configure:19839: result: yes
configure:19845: checking for gstreamer-1.0 gstreamer-plugins-base-1.0 gstreamer-video-1.0 gstreamer-app-1.0
configure:19852: $PKG_CONFIG --exists --print-errors "gstreamer-1.0 gstreamer-plugins-base-1.0 gstreamer-video-1.0 gstreamer-app-1.0"
configure:19855: $? = 0
configure:19869: $PKG_CONFIG --exists --print-errors "gstreamer-1.0 gstreamer-plugins-base-1.0 gstreamer-video-1.0 gstreamer-app-1.0"
configure:19872: $? = 0
configure:19930: result: yes
configure:19955: checking for gtk4 gio-2.0
configure:19962: $PKG_CONFIG --exists --print-errors "$QUIVER_MODULES"
configure:19965: $? = 0
configure:19979: $PKG_CONFIG --exists --print-errors "$QUIVER_MODULES"
configure:19982: $? = 0
configure:20040: result: yes
configure:20067: checking for boostlib >= 1.33.1
configure:20117: g++ -c -g -O2  -I/usr/include conftest.cpp >&5
configure:20117: $? = 0
configure:20120: result: yes
configure:20380: checking that generated files are newer than configure
configure:20386: result: done
configure:20425: creating ./config.status

## ---------------------- ##
## Running config.status. ##
## ---------------------- ##

This file was extended by quiver config.status 0.2.0, which was
generated by GNU Autoconf 2.71.  Invocation command line was

  CONFIG_FILES    =
  CONFIG_HEADERS  =
  CONFIG_LINKS    =
  CONFIG_COMMANDS =
  $ ./config.status

on devbox

config.status:1261: creating Makefile
config.status:1261: creating po/Makefile.in
config.status:1261: creating libquiver/Makefile
config.status:1261: creating src/Makefile
config.status:1261: creating src/icons/Makefile
config.status:1261: creating data/Makefile
config.status:1261: creating config.h
config.status:1490: executing depfiles commands
config.status:1567: cd libquiver       && sed -e '/# am--include-marker/d' Makefile         | make -f - am--depfiles
config.status:1572: $? = 0
config.status:1567: cd src       && sed -e '/# am--include-marker/d' Makefile         | make -f - am--depfiles
config.status:1572: $? = 0
config.status:1490: executing libtool commands
config.status:1490: executing default-1 commands
config.status:1490: executing po/stamp-it commands

## ---------------- ##
## Cache variables. ##
## ---------------- ##

ac_cv_build=x86_64-pc-linux-gnu
ac_cv_c_compiler_gnu=yes
ac_cv_c_const=yes
ac_cv_cxx_compiler_gnu=yes
ac_cv_env_CCC_set=
ac_cv_env_CCC_value=
ac_cv_env_CC_set=
ac_cv_env_CC_value=
ac_cv_env_CFLAGS_set=
ac_cv_env_CFLAGS_value=
ac_cv_env_CPPFLAGS_set=
ac_cv_env_CPPFLAGS_value=
ac_cv_env_CPP_set=
ac_cv_env_CPP_value=
ac_cv_env_CXXCPP_set=
ac_cv_env_CXXCPP_value=
ac_cv_env_CXXFLAGS_set=
ac_cv_env_CXXFLAGS_value=
ac_cv_env_CXX_set=
ac_cv_env_CXX_value=
ac_cv_env_GSTREAMER_CFLAGS_set=
ac_cv_env_GSTREAMER_CFLAGS_value=
ac_cv_env_GSTREAMER_LIBS_set=
ac_cv_env_GSTREAMER_LIBS_value=
ac_cv_env_LDFLAGS_set=
ac_cv_env_LDFLAGS_value=
ac_cv_env_LIBEXIF_CFLAGS_set=
ac_cv_env_LIBEXIF_CFLAGS_value=
ac_cv_env_LIBEXIF_LIBS_set=
ac_cv_env_LIBEXIF_LIBS_value=
ac_cv_env_LIBSQLITE_CFLAGS_set=
ac_cv_env_LIBSQLITE_CFLAGS_value=
ac_cv_env_LIBSQLITE_LIBS_set=
ac_cv_env_LIBSQLITE_LIBS_value=
ac_cv_env_LIBS_set=
ac_cv_env_LIBS_value=
ac_cv_env_LT_SYS_LIBRARY_PATH_set=
ac_cv_env_LT_SYS_LIBRARY_PATH_value=
ac_cv_env_PACKAGE_CFLAGS_set=
ac_cv_env_PACKAGE_CFLAGS_value=
ac_cv_env_PACKAGE_LIBS_set=
ac_cv_env_PACKAGE_LIBS_value=
ac_cv_env_PKG_CONFIG_LIBDIR_set=
ac_cv_env_PKG_CONFIG_LIBDIR_value=
ac_cv_env_PKG_CONFIG_PATH_set=
ac_cv_env_PKG_CONFIG_PATH_value=
ac_cv_env_PKG_CONFIG_set=
ac_cv_env_PKG_CONFIG_value=
ac_cv_env_build_alias_set=
ac_cv_env_build_alias_value=
ac_cv_env_host_alias_set=
ac_cv_env_host_alias_value=
ac_cv_env_target_alias_set=
ac_cv_env_target_alias_value=
ac_cv_func_bind_textdomain_codeset=yes
ac_cv_func_dcgettext=yes
ac_cv_func_gettimeofday=yes
ac_cv_header_dlfcn_h=yes
ac_cv_header_ext_hash_map=yes
ac_cv_header_inttypes_h=yes
ac_cv_header_jpeglib_h=yes
ac_cv_header_libintl_h=yes
ac_cv_header_locale_h=yes
ac_cv_header_pthread_h=yes
ac_cv_header_stdbool_h=yes
ac_cv_header_stdint_h=yes
ac_cv_header_stdio_h=yes
ac_cv_header_stdlib_h=yes
ac_cv_header_string_h=yes
ac_cv_header_strings_h=yes
ac_cv_header_sys_stat_h=yes
ac_cv_header_sys_time_h=yes
ac_cv_header_sys_types_h=yes
ac_cv_header_tr1_unordered_map=yes
ac_cv_header_unistd_h=yes
ac_cv_header_unordered_map=yes
ac_cv_host=x86_64-pc-linux-gnu
ac_cv_objext=o
ac_cv_path_EGREP='/usr/bin/grep -E'
ac_cv_path_FGREP='/usr/bin/grep -F'
ac_cv_path_GDK_PIXBUF_CSOURCE=/usr/bin/gdk-pixbuf-csource
ac_cv_path_GLIB_GENMARSHAL=/usr/bin/glib-genmarshal
ac_cv_path_GMSGFMT=/usr/bin/msgfmt
ac_cv_path_GREP=/usr/bin/grep
ac_cv_path_INTLTOOL_EXTRACT=/usr/bin/intltool-extract
ac_cv_path_INTLTOOL_MERGE=/usr/bin/intltool-merge
ac_cv_path_INTLTOOL_PERL=/usr/bin/perl
ac_cv_path_INTLTOOL_UPDATE=/usr/bin/intltool-update
ac_cv_path_MSGFMT=/usr/bin/msgfmt
ac_cv_path_MSGMERGE=/usr/bin/msgmerge
ac_cv_path_SED=/usr/bin/sed
ac_cv_path_XGETTEXT=/usr/bin/xgettext
ac_cv_path_ac_pt_PKG_CONFIG=/usr/bin/pkg-config
ac_cv_path_install='/usr/bin/install -c'
ac_cv_path_lt_DD=/usr/bin/dd
ac_cv_path_mkdir=/usr/bin/mkdir
ac_cv_prog_AWK=gawk
ac_cv_prog_CPP='gcc -E'
ac_cv_prog_CXXCPP='g++ -E'
ac_cv_prog_ac_ct_AR=ar
ac_cv_prog_ac_ct_CC=gcc
ac_cv_prog_ac_ct_CXX=g++
ac_cv_prog_ac_ct_FILECMD=file
ac_cv_prog_ac_ct_OBJDUMP=objdump
ac_cv_prog_ac_ct_RANLIB=ranlib
ac_cv_prog_ac_ct_STRIP=strip
ac_cv_prog_cc_c11=
ac_cv_prog_cc_g=yes
ac_cv_prog_cc_stdc=
ac_cv_prog_cxx_cxx11=
ac_cv_prog_cxx_g=yes
ac_cv_prog_cxx_stdcxx=
ac_cv_prog_make_make_set=yes
ac_cv_search_strerror='none required'
ac_cv_type__Bool=yes
am_cv_CC_dependencies_compiler_type=gcc3
am_cv_CXX_dependencies_compiler_type=gcc3
am_cv_make_support_nested_variables=yes
am_cv_prog_cc_c_o=yes
am_cv_val_LC_MESSAGES=yes
gt_cv_func_CFLocaleCopyCurrent=no
gt_cv_func_CFPreferencesCopyAppValue=no
gt_cv_func_dgettext_libc=yes
gt_cv_func_dgettext_libintl=no
gt_cv_func_ngettext_libc=yes
gt_cv_have_gettext=yes
lt_cv_ar_at_file=@
lt_cv_archive_cmds_need_lc=no
lt_cv_deplibs_check_method=pass_all
lt_cv_file_magic_cmd='$MAGIC_CMD'
lt_cv_file_magic_test_file=
lt_cv_ld_reload_flag=-r
lt_cv_nm_interface='BSD nm'
lt_cv_objdir=.libs
lt_cv_path_LD=/usr/bin/ld
lt_cv_path_LDCXX='/usr/bin/ld -m elf_x86_64'
lt_cv_path_NM='/usr/bin/nm -B'
lt_cv_path_mainfest_tool=no
lt_cv_prog_compiler_c_o=yes
lt_cv_prog_compiler_c_o_CXX=yes
lt_cv_prog_compiler_pic='-fPIC -DPIC'
lt_cv_prog_compiler_pic_CXX='-fPIC -DPIC'
lt_cv_prog_compiler_pic_works=yes
lt_cv_prog_compiler_pic_works_CXX=yes
lt_cv_prog_compiler_rtti_exceptions=no
lt_cv_prog_compiler_static_works=yes
lt_cv_prog_compiler_static_works_CXX=yes
lt_cv_prog_gnu_ld=yes
lt_cv_prog_gnu_ldcxx=yes
lt_cv_sharedlib_from_linklib_cmd='printf %s\n'
lt_cv_shlibpath_overrides_runpath=yes
lt_cv_sys_global_symbol_pipe='/usr/bin/sed -n -e '\''s/^.*[	 ]\([ABCDGIRSTW][ABCDGIRSTW]*\)[	 ][	 ]*\([_A-Za-z][_A-Za-z0-9]*\)$/\1 \2 \2/p'\'' | /usr/bin/sed '\''/ __gnu_lto/d'\'''
lt_cv_sys_global_symbol_to_c_name_address='/usr/bin/sed -n -e '\''s/^: \(.*\) .*$/  {"\1", (void *) 0},/p'\'' -e '\''s/^[ABCDGIRSTW][ABCDGIRSTW]* .* \(.*\)$/  {"\1", (void *) \&\1},/p'\'''
lt_cv_sys_global_symbol_to_c_name_address_lib_prefix='/usr/bin/sed -n -e '\''s/^: \(.*\) .*$/  {"\1", (void *) 0},/p'\'' -e '\''s/^[ABCDGIRSTW][ABCDGIRSTW]* .* \(lib.*\)$/  {"\1", (void *) \&\1},/p'\'' -e '\''s/^[ABCDGIRSTW][ABCDGIRSTW]* .* \(.*\)$/  {"lib\1", (void *) \&\1},/p'\'''
lt_cv_sys_global_symbol_to_cdecl='/usr/bin/sed -n -e '\''s/^T .* \(.*\)$/extern int \1();/p'\'' -e '\''s/^[ABCDGIRSTW][ABCDGIRSTW]* .* \(.*\)$/extern char \1;/p'\'''
lt_cv_sys_global_symbol_to_import=
lt_cv_sys_max_cmd_len=1572864
lt_cv_to_host_file_cmd=func_convert_file_noop
lt_cv_to_tool_file_cmd=func_convert_file_noop
lt_cv_truncate_bin='/usr/bin/dd bs=4096 count=1'
pkg_cv_GSTREAMER_CFLAGS='-I/usr/include/gstreamer-1.0 -I/usr/include/glib-2.0 -I/usr/lib/x86_64-linux-gnu/glib-2.0/include -I/usr/include/x86_64-linux-gnu -I/usr/include/orc-0.4 -pthread '
pkg_cv_GSTREAMER_LIBS='-lgstvideo-1.0 -lgstapp-1.0 -lgstbase-1.0 -lgstreamer-1.0 -lgobject-2.0 -lglib-2.0 '
pkg_cv_LIBEXIF_CFLAGS=
pkg_cv_LIBEXIF_LIBS='-lexif '
pkg_cv_LIBSQLITE_CFLAGS=
pkg_cv_LIBSQLITE_LIBS='-lsqlite3 '
pkg_cv_PACKAGE_CFLAGS='-I/usr/include/gtk-4.0 -I/usr/include/pango-1.0 -I/usr/include/glib-2.0 -I/usr/lib/x86_64-linux-gnu/glib-2.0/include -I/usr/include/harfbuzz -I/usr/include/freetype2 -I/usr/include/libpng16 -I/usr/include/libmount -I/usr/include/blkid -I/usr/include/fribidi -I/usr/include/cairo -I/usr/include/pixman-1 -I/usr/include/gdk-pixbuf-2.0 -I/usr/include/x86_64-linux-gnu -I/usr/include/webp -I/usr/include/graphene-1.0 -I/usr/lib/x86_64-linux-gnu/graphene-1.0/include -mfpmath=sse -msse -msse2 -pthread '
pkg_cv_PACKAGE_LIBS='-lgtk-4 -lpangocairo-1.0 -lpango-1.0 -lharfbuzz -lgdk_pixbuf-2.0 -lcairo-gobject -lcairo -lvulkan -lgraphene-1.0 -lgio-2.0 -lgobject-2.0 -lglib-2.0 '

## ----------------- ##
## Output variables. ##
## ----------------- ##

ACLOCAL='${SHELL} '\''/app/missing'\'' aclocal-1.16'
ALL_LINGUAS='fr'
AMDEPBACKSLASH='\'
AMDEP_FALSE='#'
AMDEP_TRUE=''
AMTAR='$${TAR-tar}'
AM_BACKSLASH='\'
AM_DEFAULT_V='$(AM_DEFAULT_VERBOSITY)'
AM_DEFAULT_VERBOSITY='1'
AM_V='$(V)'
AR='ar'
AUTOCONF='${SHELL} '\''/app/missing'\'' autoconf'
AUTOHEADER='${SHELL} '\''/app/missing'\'' autoheader'
AUTOMAKE='${SHELL} '\''/app/missing'\'' automake-1.16'
AWK='gawk'
BOOST_CPPFLAGS='-I/usr/include'
BOOST_LDFLAGS='-L/usr/lib'
CATALOGS=' fr.gmo'
CATOBJEXT='.gmo'
CC='gcc'
CCDEPMODE='depmode=gcc3'
CFLAGS='-g -O2'
CPP='gcc -E'
CPPFLAGS=''
CSCOPE='cscope'
CTAGS='ctags'
CXX='g++'
CXXCPP='g++ -E'
CXXDEPMODE='depmode=gcc3'
CXXFLAGS='-g -O2'
CYGPATH_W='echo'
DATADIRNAME='share'
DEFS='-DHAVE_CONFIG_H'
DEPDIR='.deps'
DLLTOOL='false'
DSYMUTIL=''
DUMPBIN=''
ECHO_C=''
ECHO_N='-n'
ECHO_T=''
EGREP='/usr/bin/grep -E'
ETAGS='etags'
EXEEXT=''
FGREP='/usr/bin/grep -F'
FILECMD='file'
GDK_PIXBUF_CSOURCE='/usr/bin/gdk-pixbuf-csource'
GETTEXT_PACKAGE='quiver'
GLIB_GENMARSHAL='/usr/bin/glib-genmarshal'
GMOFILES=' fr.gmo'
GMSGFMT='/usr/bin/msgfmt'
GREP='/usr/bin/grep'
GSTREAMER_CFLAGS='-I/usr/include/gstreamer-1.0 -I/usr/include/glib-2.0 -I/usr/lib/x86_64-linux-gnu/glib-2.0/include -I/usr/include/x86_64-linux-gnu -I/usr/include/orc-0.4 -pthread '
GSTREAMER_LIBS='-lgstvideo-1.0 -lgstapp-1.0 -lgstbase-1.0 -lgstreamer-1.0 -lgobject-2.0 -lglib-2.0 '
INSTALL_DATA='${INSTALL} -m 644'
INSTALL_PROGRAM='${INSTALL}'
INSTALL_SCRIPT='${INSTALL}'
INSTALL_STRIP_PROGRAM='$(install_sh) -c -s'
INSTOBJEXT='.mo'
INTLLIBS=''
INTLTOOL_CAVES_RULE='%.caves:     %.caves.in     $(INTLTOOL_MERGE) $(wildcard $(top_srcdir)/po/*.po) ; $(INTLTOOL_V_MERGE)LC_ALL=C $(INTLTOOL_MERGE) $(INTLTOOL_V_MERGE_OPTIONS) -d -u -c $(top_builddir)/po/.intltool-merge-cache $(top_srcdir)/po $< $@'
INTLTOOL_DESKTOP_RULE='%.desktop:   %.desktop.in   $(INTLTOOL_MERGE) $(wildcard $(top_srcdir)/po/*.po) ; $(INTLTOOL_V_MERGE)LC_ALL=C $(INTLTOOL_MERGE) $(INTLTOOL_V_MERGE_OPTIONS) -d -u -c $(top_builddir)/po/.intltool-merge-cache $(top_srcdir)/po $< $@'
INTLTOOL_DIRECTORY_RULE='%.directory: %.directory.in $(INTLTOOL_MERGE) $(wildcard $(top_srcdir)/po/*.po) ; $(INTLTOOL_V_MERGE)LC_ALL=C $(INTLTOOL_MERGE) $(INTLTOOL_V_MERGE_OPTIONS) -d -u -c $(top_builddir)/po/.intltool-merge-cache $(top_srcdir)/po $< $@'
INTLTOOL_EXTRACT='/usr/bin/intltool-extract'
INTLTOOL_KBD_RULE='%.kbd:       %.kbd.in       $(INTLTOOL_MERGE) $(wildcard $(top_srcdir)/po/*.po) ; $(INTLTOOL_V_MERGE)LC_ALL=C $(INTLTOOL_MERGE) $(INTLTOOL_V_MERGE_OPTIONS) -x -u -m -c $(top_builddir)/po/.intltool-merge-cache $(top_srcdir)/po $< $@'
INTLTOOL_KEYS_RULE='%.keys:      %.keys.in      $(INTLTOOL_MERGE) $(wildcard $(top_srcdir)/po/*.po) ; $(INTLTOOL_V_MERGE)LC_ALL=C $(INTLTOOL_MERGE) $(INTLTOOL_V_MERGE_OPTIONS) -k -u -c $(top_builddir)/po/.intltool-merge-cache $(top_srcdir)/po $< $@'
INTLTOOL_MERGE='/usr/bin/intltool-merge'
INTLTOOL_OAF_RULE='%.oaf:       %.oaf.in       $(INTLTOOL_MERGE) $(wildcard $(top_srcdir)/po/*.po) ; $(INTLTOOL_V_MERGE)LC_ALL=C $(INTLTOOL_MERGE) $(INTLTOOL_V_MERGE_OPTIONS) -o -p $(top_srcdir)/po $< $@'
INTLTOOL_PERL='/usr/bin/perl'
INTLTOOL_POLICY_RULE='%.policy:    %.policy.in    $(INTLTOOL_MERGE) $(wildcard $(top_srcdir)/po/*.po) ; $(INTLTOOL_V_MERGE)LC_ALL=C $(INTLTOOL_MERGE) $(INTLTOOL_V_MERGE_OPTIONS) -x -u -c $(top_builddir)/po/.intltool-merge-cache $(top_srcdir)/po $< $@'
INTLTOOL_PONG_RULE='%.pong:      %.pong.in      $(INTLTOOL_MERGE) $(wildcard $(top_srcdir)/po/*.po) ; $(INTLTOOL_V_MERGE)LC_ALL=C $(INTLTOOL_MERGE) $(INTLTOOL_V_MERGE_OPTIONS) -x -u -c $(top_builddir)/po/.intltool-merge-cache $(top_srcdir)/po $< $@'
INTLTOOL_PROP_RULE='%.prop:      %.prop.in      $(INTLTOOL_MERGE) $(wildcard $(top_srcdir)/po/*.po) ; $(INTLTOOL_V_MERGE)LC_ALL=C $(INTLTOOL_MERGE) $(INTLTOOL_V_MERGE_OPTIONS) -d -u -c $(top_builddir)/po/.intltool-merge-cache $(top_srcdir)/po $< $@'
INTLTOOL_SCHEMAS_RULE='%.schemas:   %.schemas.in   $(INTLTOOL_MERGE) $(wildcard $(top_srcdir)/po/*.po) ; $(INTLTOOL_V_MERGE)LC_ALL=C $(INTLTOOL_MERGE) $(INTLTOOL_V_MERGE_OPTIONS) -s -u -c $(top_builddir)/po/.intltool-merge-cache $(top_srcdir)/po $< $@'
INTLTOOL_SERVER_RULE='%.server:    %.server.in    $(INTLTOOL_MERGE) $(wildcard $(top_srcdir)/po/*.po) ; $(INTLTOOL_V_MERGE)LC_ALL=C $(INTLTOOL_MERGE) $(INTLTOOL_V_MERGE_OPTIONS) -o -u -c $(top_builddir)/po/.intltool-merge-cache $(top_srcdir)/po $< $@'
INTLTOOL_SERVICE_RULE='%.service: %.service.in   $(INTLTOOL_MERGE) $(wildcard $(top_srcdir)/po/*.po) ; $(INTLTOOL_V_MERGE)LC_ALL=C $(INTLTOOL_MERGE) $(INTLTOOL_V_MERGE_OPTIONS) -d -u -c $(top_builddir)/po/.intltool-merge-cache $(top_srcdir)/po $< $@'
INTLTOOL_SHEET_RULE='%.sheet:     %.sheet.in     $(INTLTOOL_MERGE) $(wildcard $(top_srcdir)/po/*.po) ; $(INTLTOOL_V_MERGE)LC_ALL=C $(INTLTOOL_MERGE) $(INTLTOOL_V_MERGE_OPTIONS) -x -u -c $(top_builddir)/po/.intltool-merge-cache $(top_srcdir)/po $< $@'
INTLTOOL_SOUNDLIST_RULE='%.soundlist: %.soundlist.in $(INTLTOOL_MERGE) $(wildcard $(top_srcdir)/po/*.po) ; $(INTLTOOL_V_MERGE)LC_ALL=C $(INTLTOOL_MERGE) $(INTLTOOL_V_MERGE_OPTIONS) -d -u -c $(top_builddir)/po/.intltool-merge-cache $(top_srcdir)/po $< $@'
INTLTOOL_THEME_RULE='%.theme:     %.theme.in     $(INTLTOOL_MERGE) $(wildcard $(top_srcdir)/po/*.po) ; $(INTLTOOL_V_MERGE)LC_ALL=C $(INTLTOOL_MERGE) $(INTLTOOL_V_MERGE_OPTIONS) -d -u -c $(top_builddir)/po/.intltool-merge-cache $(top_srcdir)/po $< $@'
INTLTOOL_UI_RULE='%.ui:        %.ui.in        $(INTLTOOL_MERGE) $(wildcard $(top_srcdir)/po/*.po) ; $(INTLTOOL_V_MERGE)LC_ALL=C $(INTLTOOL_MERGE) $(INTLTOOL_V_MERGE_OPTIONS) -x -u -c $(top_builddir)/po/.intltool-merge-cache $(top_srcdir)/po $< $@'
INTLTOOL_UPDATE='/usr/bin/intltool-update'
INTLTOOL_V_MERGE='$(INTLTOOL__v_MERGE_$(V))'
INTLTOOL_V_MERGE_OPTIONS='$(intltool__v_merge_options_$(V))'
INTLTOOL_XAM_RULE='%.xam:       %.xml.in       $(INTLTOOL_MERGE) $(wildcard $(top_srcdir)/po/*.po) ; $(INTLTOOL_V_MERGE)LC_ALL=C $(INTLTOOL_MERGE) $(INTLTOOL_V_MERGE_OPTIONS) -x -u -c $(top_builddir)/po/.intltool-merge-cache $(top_srcdir)/po $< $@'
INTLTOOL_XML_NOMERGE_RULE='%.xml:       %.xml.in       $(INTLTOOL_MERGE) ; $(INTLTOOL_V_MERGE)LC_ALL=C $(INTLTOOL_MERGE) $(INTLTOOL_V_MERGE_OPTIONS) -x -u --no-translations $< $@'
INTLTOOL_XML_RULE='%.xml:       %.xml.in       $(INTLTOOL_MERGE) $(wildcard $(top_srcdir)/po/*.po) ; $(INTLTOOL_V_MERGE)LC_ALL=C $(INTLTOOL_MERGE) $(INTLTOOL_V_MERGE_OPTIONS) -x -u -c $(top_builddir)/po/.intltool-merge-cache $(top_srcdir)/po $< $@'
INTLTOOL__v_MERGE_0='@echo "  ITMRG " $@;'
INTLTOOL__v_MERGE_='$(INTLTOOL__v_MERGE_$(AM_DEFAULT_VERBOSITY))'
INTL_MACOSX_LIBS=''
LD='/usr/bin/ld -m elf_x86_64'
LDFLAGS=''
LIBEXIF_CFLAGS=''
LIBEXIF_LIBS='-lexif '
LIBOBJS=''
LIBS=''
LIBSQLITE_CFLAGS=''
LIBSQLITE_LIBS='-lsqlite3 '
LIBTOOL='$(SHELL) $(top_builddir)/libtool'
LIPO=''
LN_S='ln -s'
LTLIBOBJS=''
LT_SYS_LIBRARY_PATH=''
MAEMO_FALSE=''
MAEMO_TRUE='#'
MAKEINFO='${SHELL} '\''/app/missing'\'' makeinfo'
MANIFEST_TOOL=':'
MKDIR_P='/usr/bin/mkdir -p'
MKINSTALLDIRS='.//mkinstalldirs'
MSGFMT='/usr/bin/msgfmt'
MSGFMT_OPTS='-c'
MSGMERGE='/usr/bin/msgmerge'
NM='/usr/bin/nm -B'
NMEDIT=''
OBJDUMP='objdump'
OBJEXT='o'
OTOOL64=''
OTOOL=''
PACKAGE='quiver'
PACKAGE_BUGREPORT='http://mike.yi.org/quiver'
PACKAGE_CFLAGS='-I/usr/include/gtk-4.0 -I/usr/include/pango-1.0 -I/usr/include/glib-2.0 -I/usr/lib/x86_64-linux-gnu/glib-2.0/include -I/usr/include/harfbuzz -I/usr/include/freetype2 -I/usr/include/libpng16 -I/usr/include/libmount -I/usr/include/blkid -I/usr/include/fribidi -I/usr/include/cairo -I/usr/include/pixman-1 -I/usr/include/gdk-pixbuf-2.0 -I/usr/include/x86_64-linux-gnu -I/usr/include/webp -I/usr/include/graphene-1.0 -I/usr/lib/x86_64-linux-gnu/graphene-1.0/include -mfpmath=sse -msse -msse2 -pthread '
PACKAGE_LIBS='-lgtk-4 -lpangocairo-1.0 -lpango-1.0 -lharfbuzz -lgdk_pixbuf-2.0 -lcairo-gobject -lcairo -lvulkan -lgraphene-1.0 -lgio-2.0 -lgobject-2.0 -lglib-2.0 '
PACKAGE_NAME='quiver'
PACKAGE_STRING='quiver 0.2.0'
PACKAGE_TARNAME='quiver'
PACKAGE_URL=''
PACKAGE_VERSION='0.2.0'
PATH_SEPARATOR=':'
PKG_CONFIG='/usr/bin/pkg-config'
PKG_CONFIG_LIBDIR=''
PKG_CONFIG_PATH=''
POFILES=' fr.po'
POSUB='po'
PO_IN_DATADIR_FALSE=''
PO_IN_DATADIR_TRUE=''
RANLIB='ranlib'
SED='/usr/bin/sed'
SET_MAKE=''
SHELL='/bin/bash'
STRIP='strip'
USE_NLS='yes'
VERSION='0.2.0'
XGETTEXT='/usr/bin/xgettext'
ac_ct_AR='ar'
ac_ct_CC='gcc'
ac_ct_CXX='g++'
ac_ct_DUMPBIN=''
am__EXEEXT_FALSE=''
am__EXEEXT_TRUE='#'
am__fastdepCC_FALSE='#'
am__fastdepCC_TRUE=''
am__fastdepCXX_FALSE='#'
am__fastdepCXX_TRUE=''
am__include='include'
am__isrc=''
am__leading_dot='.'
am__nodep='_no'
am__quote=''
am__tar='$${TAR-tar} chof - "$$tardir"'
am__untar='$${TAR-tar} xf -'
bindir='${exec_prefix}/bin'
build='x86_64-pc-linux-gnu'
build_alias=''
build_cpu='x86_64'
build_os='linux-gnu'
build_vendor='pc'
datadir='${datarootdir}'
datarootdir='${prefix}/share'
docdir='${datarootdir}/doc/${PACKAGE_TARNAME}'
dvidir='${docdir}'
exec_prefix='${prefix}'
host='x86_64-pc-linux-gnu'
host_alias=''
host_cpu='x86_64'
host_os='linux-gnu'
host_vendor='pc'
htmldir='${docdir}'
includedir='${prefix}/include'
infodir='${datarootdir}/info'
install_sh='${SHELL} /app/install-sh'
intltool__v_merge_options_0='-q'
intltool__v_merge_options_='$(intltool__v_merge_options_$(AM_DEFAULT_VERBOSITY))'
libdir='${exec_prefix}/lib'
libexecdir='${exec_prefix}/libexec'
localedir='${datarootdir}/locale'
localstatedir='${prefix}/var'
mandir='${datarootdir}/man'
mkdir_p='$(MKDIR_P)'
oldincludedir='/usr/include'
pdfdir='${docdir}'
prefix='/usr/local'
program_transform_name='s,x,x,'
psdir='${docdir}'
quiver_datadir='/app/data'
runstatedir='${localstatedir}/run'
sbindir='${exec_prefix}/sbin'
sharedstatedir='${prefix}/com'
sysconfdir='${prefix}/etc'
target_alias=''

## ----------- ##
## confdefs.h. ##
## ----------- ##

/* confdefs.h */
#define PACKAGE_NAME "quiver"
#define PACKAGE_TARNAME "quiver"
#define PACKAGE_VERSION "0.2.0"
#define PACKAGE_STRING "quiver 0.2.0"
#define PACKAGE_BUGREPORT "http://mike.yi.org/quiver"
#define PACKAGE_URL ""
#define PACKAGE "quiver"
#define VERSION "0.2.0"
#define HAVE_STDIO_H 1
#define HAVE_STDLIB_H 1
#define HAVE_STRING_H 1
#define HAVE_INTTYPES_H 1
#define HAVE_STDINT_H 1
#define HAVE_STRINGS_H 1
#define HAVE_SYS_STAT_H 1
#define HAVE_SYS_TYPES_H 1
#define HAVE_UNISTD_H 1
#define STDC_HEADERS 1
#define HAVE_EXT /**/
#define HAVE_TR1 /**/
#define HAVE_CXX0X /**/
#define HAVE_DLFCN_H 1
#define LT_OBJDIR ".libs/"
#define HAVE_GETTIMEOFDAY 1
#define HAVE_SYS_TIME_H 1
#define HAVE__BOOL 1
#define HAVE_STDBOOL_H 1
#define HAVE_SYS_TIME_H 1
#define TIME_WITH_SYS_TIME 1
#define GETTEXT_PACKAGE "quiver"
#define HAVE_LOCALE_H 1
#define HAVE_LC_MESSAGES 1
#define HAVE_BIND_TEXTDOMAIN_CODESET 1
#define HAVE_GETTEXT 1
#define HAVE_DCGETTEXT 1
#define ENABLE_NLS 1
#define HAVE_BOOST /**/

configure: exit 0
